// Jest Snapshot v1, https://goo.gl/fbAQLP

exports[`<Button/> Snapshot 1`] = `
<View
  accessibilityState={
    {
      "busy": undefined,
      "checked": undefined,
      "disabled": undefined,
      "expanded": undefined,
      "selected": undefined,
    }
  }
  accessibilityValue={
    {
      "max": undefined,
      "min": undefined,
      "now": undefined,
      "text": undefined,
    }
  }
  accessible={true}
  collapsable={false}
  focusable={false}
  onClick={[Function]}
  onResponderGrant={[Function]}
  onResponderMove={[Function]}
  onResponderRelease={[Function]}
  onResponderTerminate={[Function]}
  onResponderTerminationRequest={[Function]}
  onStartShouldSetResponder={[Function]}
  style={
    {
      "alignItems": "center",
      "backgroundColor": "#007bff",
      "borderRadius": 5,
      "opacity": 1,
      "padding": 10,
    }
  }
  testID="button"
>
  <Text
    style={
      {
        "color": "#fff",
        "fontSize": 16,
      }
    }
  >
    hello
  </Text>
</View>
`;
